// Jest Snapshot v1, https://goo.gl/fbAQLP

exports[`renders correct htmls 1`] = `"<div class=\\"row\\"><div class=\\"col-4 text-center text-muted\\"><span id=\\"sparkline1\\"></span><span>Visitors</span></div><div class=\\"col-4 text-center text-muted\\"><span id=\\"sparkline2\\"></span><span>Online</span></div><div class=\\"col-4 text-center text-muted\\"><span id=\\"sparkline3\\"></span><span>Exists</span></div></div>"`;
