// Jest Snapshot v1, https://goo.gl/fbAQLP

exports[`should renders correct htmls 1`] = `"<div class=\\"visitors\\"><header class=\\"ui-sortable-handle\\"><div class=\\"btn\\"><i class=\\"fa fa-map-marker\\"></i><span> Visitors</span></div><div class=\\"float-right tools\\"><button class=\\"btn btn-sm\\"><i class=\\"fa fa-calendar\\"></i></button><button class=\\"btn btn-sm ml-1\\"><i class=\\"fa fa-minus\\"></i></button></div></header><div class=\\"wrapper\\"><main></main><footer></footer></div></div>"`;
